// Jest Snapshot v1, https://goo.gl/fbAQLP

exports[`L.Control.Geocoder.HERE geocodes Innsbruck 1`] = `
Array [
  Array [
    Array [
      Object {
        "bbox": Object {
          "_northEast": Object {
            "lat": 47.35922,
            "lng": 11.45587,
          },
          "_southWest": Object {
            "lat": 47.21082,
            "lng": 11.30194,
          },
        },
        "center": Object {
          "lat": 47.268,
          "lng": 11.3913,
        },
        "name": "Innsbruck, Tirol, Österreich",
        "properties": Object {
          "additionalData": Array [
            Object {
              "key": "CountryName",
              "value": "Österreich",
            },
            Object {
              "key": "StateName",
              "value": "Tirol",
            },
            Object {
              "key": "CountyName",
              "value": "Innsbruck-Stadt",
            },
          ],
          "city": "Innsbruck",
          "country": "AUT",
          "county": "Innsbruck-Stadt",
          "label": "Innsbruck, Tirol, Österreich",
          "postalCode": "6020",
          "state": "Tirol",
        },
      },
    ],
  ],
]
`;

exports[`L.Control.Geocoder.HEREv2 geocodes Innsbruck 1`] = `
Array [
  Array [
    Array [
      Object {
        "bbox": Object {
          "_northEast": Object {
            "lat": 42.36355,
            "lng": -71.05439,
          },
          "_southWest": Object {
            "lat": 42.36355,
            "lng": -71.05439,
          },
        },
        "center": Object {
          "lat": 42.36355,
          "lng": -71.05439,
        },
        "name": "Salumeria Italiana, 151 Richmond St, Boston, MA 02109, United States",
        "properties": Object {
          "city": "Boston",
          "countryCode": "USA",
          "countryName": "United States",
          "county": "Suffolk",
          "district": "North End",
          "houseNumber": "151",
          "label": "Salumeria Italiana, 151 Richmond St, Boston, MA 02109, United States",
          "postalCode": "02109",
          "state": "Massachusetts",
          "stateCode": "MA",
          "street": "Richmond St",
        },
      },
    ],
  ],
]
`;
