// Vitest Snapshot v1, https://vitest.dev/guide/snapshot.html

exports[`L.Control.Geocoder.Openrouteservice > geocodes Innsbruck 1`] = `
[
  [
    [
      {
        "bbox": {
          "_northEast": {
            "lat": 47.29398,
            "lng": 11.452584553,
          },
          "_southWest": {
            "lat": 47.2470573997,
            "lng": 11.3218091258,
          },
        },
        "center": {
          "lat": 47.272308,
          "lng": 11.407851,
        },
        "name": "Innsbruck, TR, Austria",
        "properties": {
          "accuracy": "centroid",
          "addendum": {
            "concordances": {
              "dbp:id": "Innsbruck",
              "fb:id": "en.innsbruck",
              "gn:id": 2775220,
              "gp:id": 550763,
              "nyt:id": "N21126484242539583751",
              "qs_pg:id": 274233,
              "wd:id": "Q1735",
              "wk:page": "Innsbruck",
            },
          },
          "category": [
            "admin:admin2",
            "admin",
          ],
          "continent": "Europe",
          "continent_gid": "whosonfirst:continent:102191581",
          "country": "Austria",
          "country_a": "AUT",
          "country_code": "AT",
          "country_gid": "whosonfirst:country:85632785",
          "county": "Innsbruck",
          "county_gid": "whosonfirst:county:102049723",
          "distance": 739.011,
          "gid": "whosonfirst:locality:101748061",
          "id": "101748061",
          "label": "Innsbruck, TR, Austria",
          "layer": "locality",
          "localadmin": "Innsbruck",
          "localadmin_gid": "whosonfirst:localadmin:1108837687",
          "locality": "Innsbruck",
          "locality_gid": "whosonfirst:locality:101748061",
          "name": "Innsbruck",
          "region": "Tyrol",
          "region_a": "TR",
          "region_gid": "whosonfirst:region:85681661",
          "source": "whosonfirst",
          "source_id": "101748061",
        },
      },
    ],
  ],
]
`;
